------------------------------------------------------------
Timing Analyzer Summary
------------------------------------------------------------

Type  : Slow 1100mV 85C Model Setup 'i_CLK'
Slack : -2.561
TNS   : -517.602

Type  : Slow 1100mV 85C Model Hold 'i_CLK'
Slack : 0.621
TNS   : 0.000

Type  : Slow 1100mV 85C Model Minimum Pulse Width 'i_CLK'
Slack : -0.724
TNS   : -320.745

Type  : Slow 1100mV 0C Model Setup 'i_CLK'
Slack : -2.644
TNS   : -501.387

Type  : Slow 1100mV 0C Model Hold 'i_CLK'
Slack : 0.638
TNS   : 0.000

Type  : Slow 1100mV 0C Model Minimum Pulse Width 'i_CLK'
Slack : -0.724
TNS   : -320.115

Type  : Fast 1100mV 85C Model Setup 'i_CLK'
Slack : -0.781
TNS   : -97.241

Type  : Fast 1100mV 85C Model Hold 'i_CLK'
Slack : 0.255
TNS   : 0.000

Type  : Fast 1100mV 85C Model Minimum Pulse Width 'i_CLK'
Slack : -0.092
TNS   : -25.570

Type  : Fast 1100mV 0C Model Setup 'i_CLK'
Slack : -0.588
TNS   : -64.468

Type  : Fast 1100mV 0C Model Hold 'i_CLK'
Slack : 0.237
TNS   : 0.000

Type  : Fast 1100mV 0C Model Minimum Pulse Width 'i_CLK'
Slack : -0.092
TNS   : -25.647

------------------------------------------------------------
