------------------------------------------------------------
Timing Analyzer Summary
------------------------------------------------------------

Type  : Slow 1100mV 85C Model Setup 'i_CLK'
Slack : -9.868
TNS   : -16866.318

Type  : Slow 1100mV 85C Model Hold 'i_CLK'
Slack : 0.502
TNS   : 0.000

Type  : Slow 1100mV 85C Model Recovery 'i_CLK'
Slack : -0.618
TNS   : -14.740

Type  : Slow 1100mV 85C Model Removal 'i_CLK'
Slack : 0.953
TNS   : 0.000

Type  : Slow 1100mV 85C Model Minimum Pulse Width 'i_CLK'
Slack : -0.724
TNS   : -2753.989

Type  : Slow 1100mV 0C Model Setup 'i_CLK'
Slack : -10.021
TNS   : -16613.880

Type  : Slow 1100mV 0C Model Hold 'i_CLK'
Slack : 0.474
TNS   : 0.000

Type  : Slow 1100mV 0C Model Recovery 'i_CLK'
Slack : -0.545
TNS   : -12.964

Type  : Slow 1100mV 0C Model Removal 'i_CLK'
Slack : 0.895
TNS   : 0.000

Type  : Slow 1100mV 0C Model Minimum Pulse Width 'i_CLK'
Slack : -0.724
TNS   : -2750.207

Type  : Fast 1100mV 85C Model Setup 'i_CLK'
Slack : -3.900
TNS   : -6711.867

Type  : Fast 1100mV 85C Model Hold 'i_CLK'
Slack : 0.201
TNS   : 0.000

Type  : Fast 1100mV 85C Model Recovery 'i_CLK'
Slack : 0.376
TNS   : 0.000

Type  : Fast 1100mV 85C Model Removal 'i_CLK'
Slack : 0.365
TNS   : 0.000

Type  : Fast 1100mV 85C Model Minimum Pulse Width 'i_CLK'
Slack : -0.094
TNS   : -208.591

Type  : Fast 1100mV 0C Model Setup 'i_CLK'
Slack : -3.373
TNS   : -5759.503

Type  : Fast 1100mV 0C Model Hold 'i_CLK'
Slack : 0.190
TNS   : 0.000

Type  : Fast 1100mV 0C Model Recovery 'i_CLK'
Slack : 0.422
TNS   : 0.000

Type  : Fast 1100mV 0C Model Removal 'i_CLK'
Slack : 0.330
TNS   : 0.000

Type  : Fast 1100mV 0C Model Minimum Pulse Width 'i_CLK'
Slack : -0.092
TNS   : -209.471

------------------------------------------------------------
